// Jest Snapshot v1, https://goo.gl/fbAQLP

exports[`Drawer Component renders correctly 1`] = `ShallowWrapper {}`;
